// Jest Snapshot v1, https://goo.gl/fbAQLP

exports[`should match the snapshot 1`] = `
<DocumentFragment>
  <div
    class=" justify-content-center m-2 container-fluid"
  >
    <h2 />
    <p />
    <div
      class="list-group"
    />
  </div>
</DocumentFragment>
`;
