// Jest Snapshot v1, https://goo.gl/fbAQLP

exports[`should match the snapshot 1`] = `
<DocumentFragment>
  <div>
    <p>
      Emotional Radar
    </p>
    <div
      class="recharts-responsive-container"
      style="width: 75%; height: 300px;"
    />
  </div>
</DocumentFragment>
`;
