// Jest Snapshot v1, https://goo.gl/fbAQLP

exports[`should match the snapshot 1`] = `
<DocumentFragment>
  <div
    class="justify-content-center m-5 container"
  />
</DocumentFragment>
`;
