// Jest Snapshot v1, https://goo.gl/fbAQLP

exports[`should match the snapshot 1`] = `
<DocumentFragment>
  <div
    class="justify-content-center container-fluid"
  >
    <div
      class="m-3 card"
    >
      <div
        class="card-body"
      >
        <div
          class="display-3 shadow card-title h5"
        >
          How It Works
        </div>
        <p
          class="card-text"
        >
          It's important, especially in this day and age, to be in touch with your emotions. That's the reason this app was developed.
        </p>
        <p
          class="card-text"
        >
          But how can I do that?
        </p>
        <p
          class="card-text"
        >
          WELL!! It's easy! Just click on the "TODAY" at the top. If you haven't written an entry yet today, you given a from. First, you will see some randomly selected feelings. Go ahead a click on the ones that you are feeling today Next, take a look at the writing prompt. If you don't like it, go ahead and click for a new one. Then, getting to writing on your prompt. (If you need a little inspiration, scroll down a little. We have you covered.) Once you're done, record your entry.
        </p>
        <p
          class="card-text"
        >
          Your writing will be shuffled off to an emotion analysis algorithm. When we get the analysis back, we'll do a little dance, make a little love, and math down the numbers. We'll then show you what emotions your writing might be showing.
        </p>
        <div
          class="card-subtitle h6"
        >
          *NOTE: WE ARE NOT PYSHOLOGISTS! We don't claim to be psychologists. If you are feeling any emotional distress, please see a trained professional.
        </div>
        <p
          class="card-text"
        >
          If you've already written today, you will be shuffled off to the calendar. On the calendar, you see how your emotions have dipped and peaked over a month, and access all your past entries. Revisit old feelings and thought, and check up how you are doing.
        </p>
        <p
          class="card-text"
        >
          In addition, if you need inspiration at any time, go ahead and click "INSPIRATION" above. That'll give you access to our curated list of inspirational quotations and phrase. Also, feel free to share anything that has inspired you.
        </p>
        <p
          class="card-text"
        >
          That's it. Go forward and feel better.
        </p>
        <img
          class="img-fluid"
          src="PlutchikWheel.svg.png"
        />
      </div>
    </div>
  </div>
</DocumentFragment>
`;
